// Jest Snapshot v1, https://goo.gl/fbAQLP

exports[`Tests on <HeroScreen /> should show the component redirect if there's no arguments in the url 1`] = `""`;
